node : (node:16304) Warning: Setting the NODE_TLS_REJECT_UNAUTHORIZED environment variable to '0' makes TLS connections and HTTPS 
requests insecure by disabling certificate verification.
At line:1 char:1
+ node test_root_search.js > test_output.txt 2>&1; Get-Content test_out ...
+ ~~~~~~~~~~~~~~~~~~~~~~~~~~~~~~~~~~~~~~~~~~~~~~~
    + CategoryInfo          : NotSpecified: ((node:16304) Wa...e verification.:String) [], RemoteException
    + FullyQualifiedErrorId : NativeCommandError
 
(Use `node --trace-warnings ...` to show where the warning was created)
FAILED: Field 'position' doesn't exist on type 'AnyPlayerInterface' (Did you mean `anyPositions`?): {"response":{"errors":[{"message":"Field 'position' doesn't exist on type 'AnyPlayerInterface' (Did you mean `anyPositions`?)","extensions":{"code":"UNPROCESSABLE_ENTITY"}}],"status":422,"headers":{},"body":"{\"errors\":[{\"message\":\"Field 'position' doesn't exist on type 'AnyPlayerInterface' (Did you mean `anyPositions`?)\",\"extensions\":{\"code\":\"UNPROCESSABLE_ENTITY\"}}]}"},"request":{"query":"\n  query Search($query: String!) {\n    searchPlayers(query: $query, pageSize: 10, advancedFilters: \"sport:football\") {\n      commonPlayerHits {\n        anyPlayer {\n          slug\n          displayName\n          position\n        }\n      }\n    }\n  }\n","variables":{"query":"Tsygankov"}}}
